
Allocating common symbols
Common symbol       size              file

lt2                 0x14              binaries/main-pi.o
netbufpool          0x4               binaries/net.o
lpm1                0x14              binaries/main-pi.o
startTime_bwf       0x4               binaries/main-pi.o
readylist           0x2               binaries/ready.o
startTime_pi        0x4               binaries/main-pi.o
l10                 0x14              binaries/main-deadlock.o
rfltab              0x5a0             binaries/rflinit.o
l4                  0x14              binaries/main-deadlock.o
netportseed         0x8               binaries/net.o
b                   0xc               binaries/main-perf.o
sleepq              0x2               binaries/clkinit.o
nnames              0x4               binaries/naminit.o
lb2                 0xc               binaries/main-pi.o
lp                  0x14              binaries/main-pi.o
udptab              0x168             binaries/udp.o
minheap             0x4               binaries/meminit.o
marks               0x50              binaries/mark.o
lb1                 0xc               binaries/main-pi.o
l7                  0x14              binaries/main-deadlock.o
currpid             0x4               binaries/initialize.o
number_of_locks_pi  0x4               binaries/active_lock.o
Lf_data             0x20c             binaries/lfsinit.o
porttab             0x2d0             binaries/ptinit.o
girmask             0x2               binaries/evec.o
ttytab              0x110             binaries/ttyinit.o
proctab             0x1db0            binaries/initialize.o
sum                 0x8               binaries/main-basic.o
pfml1               0xc               binaries/main-pi.o
prcount             0x4               binaries/initialize.o
l                   0xc               binaries/main-basic.o
lp2                 0x14              binaries/main-pi.o
lfltab              0xf00             binaries/lflinit.o
l2                  0x14              binaries/main-deadlock.o
rdstab              0x8c              binaries/rdsinit.o
ethertab            0x130             binaries/ethinit.o
endTime_pi          0x4               binaries/main-pi.o
NetData             0xb0              binaries/net.o
nmarks              0x4               binaries/mark.o
endTime_bwf         0x4               binaries/main-pi.o
initsp              0x4               binaries/i386.o
Defer               0x8               binaries/resched.o
semtab              0x4b0             binaries/initialize.o
maxheap             0x4               binaries/meminit.o
preempt             0x4               binaries/clkinit.o
buftab              0xf0              binaries/bufinit.o
Rf_data             0x18              binaries/rfsinit.o
l8                  0x14              binaries/main-deadlock.o
l6                  0x14              binaries/main-deadlock.o
mkmutex             0x4               binaries/mark.o
lpm2                0x14              binaries/main-pi.o
l3                  0x14              binaries/main-deadlock.o
number_of_locks     0x4               binaries/active_lock.o
execTime_bwf        0x4               binaries/main-pi.o
l1                  0x14              binaries/main-deadlock.o
pfml2               0xc               binaries/main-pi.o
clktime             0x4               binaries/clkinit.o
number_of_deadlocked_processes
                    0x4               binaries/active_lock.o
lt1                 0x14              binaries/main-pi.o
s                   0x4               binaries/main-perf.o
arpcache            0x140             binaries/arp.o
icmptab             0x230             binaries/icmp.o
nbpools             0x4               binaries/bufinit.o
queuetab            0xfc0             binaries/queue.o
locktab             0x190             binaries/active_lock.o
ptnextid            0x4               binaries/ptinit.o
lp1                 0x14              binaries/main-pi.o
Ram                 0x19000           binaries/raminit.o
ipoqueue            0x2c              binaries/ip.o
l5                  0x14              binaries/main-deadlock.o
execTime_pi         0x4               binaries/main-pi.o
lb                  0xc               binaries/main-pi.o
locktab_pi          0x320             binaries/active_lock.o
memlist             0x8               binaries/initialize.o
nametab             0x19a0            binaries/naminit.o
ptfree              0x4               binaries/ptinit.o
l9                  0x14              binaries/main-deadlock.o

Memory Configuration

Name             Origin             Length             Attributes
*default*        0x0000000000000000 0xffffffffffffffff

Linker script and memory map

                0x0000000000100000                physbase = 0x100000
                0x0000000000100000                . = physbase
                0x0000000000100000                . = ALIGN (0x1000)

.text           0x0000000000100000    0x1e000
                0x0000000000100000                text = ABSOLUTE (.)
 *(.text .text.*)
 .text          0x0000000000100000      0x165 binaries/start.o
                0x0000000000100020                entry
                0x000000000010003d                start
                0x00000000001000a5                inb
                0x00000000001000ad                inw
                0x00000000001000b6                inl
                0x00000000001000be                outb
                0x00000000001000c8                outw
                0x00000000001000d3                outl
                0x00000000001000dd                _rtcin
                0x00000000001000e8                ___udivsi3
                0x00000000001000f3                ___divsi3
                0x00000000001000ff                sbzero
                0x000000000010010f                bcopy
                0x0000000000100123                insw
                0x0000000000100139                outsw
                0x000000000010014f                lidt
                0x0000000000100157                jumptocode
                0x000000000010015e                jumptobootcode
 .text          0x0000000000100165      0x549 binaries/active_lock.o
                0x0000000000100165                al_init
                0x00000000001001ad                al_park
                0x00000000001001f7                al_set_park
                0x0000000000100225                al_unpark
                0x0000000000100293                al_lock
                0x000000000010039d                al_trylock
                0x000000000010042f                al_unlock
                0x00000000001004da                deadlock_detector
                0x00000000001005b8                display_deadlock
                0x0000000000100667                clear_deadlock_flags
 .text          0x00000000001006ae      0x3e3 binaries/ascdate.o
                0x00000000001006ae                ascdate
 .text          0x0000000000100a91       0x14 binaries/bufinit.o
                0x0000000000100a91                bufinit
 .text          0x0000000000100aa5       0x95 binaries/chprio.o
                0x0000000000100aa5                chprio
 .text          0x0000000000100b3a       0xa1 binaries/clkhandler.o
                0x0000000000100b3a                clkhandler
 .text          0x0000000000100bdb       0x7e binaries/clkinit.o
                0x0000000000100bdb                clkinit
 .text          0x0000000000100c59       0x75 binaries/close.o
                0x0000000000100c59                close
 .text          0x0000000000100cce        0x0 binaries/conf.o
 .text          0x0000000000100cce       0x7b binaries/control.o
                0x0000000000100cce                control
 .text          0x0000000000100d49      0x301 binaries/create.o
                0x0000000000100d49                create
 .text          0x000000000010104a      0x35f binaries/evec.o
                0x000000000010104a                initevec
                0x00000000001010a1                set_evec
                0x0000000000101143                trap
 .text          0x00000000001013a9       0x19 binaries/exit.o
                0x00000000001013a9                exit
 .text          0x00000000001013c2       0x8c binaries/freebuf.o
                0x00000000001013c2                freebuf
 .text          0x000000000010144e      0x172 binaries/freemem.o
                0x000000000010144e                freemem
 .text          0x00000000001015c0       0x8a binaries/getbuf.o
                0x00000000001015c0                getbuf
 .text          0x000000000010164a       0x75 binaries/getc.o
                0x000000000010164a                getc
 .text          0x00000000001016bf       0x74 binaries/getdev.o
                0x00000000001016bf                getdev
 .text          0x0000000000101733       0xd0 binaries/getitem.o
                0x0000000000101733                getfirst
                0x0000000000101778                getlast
                0x00000000001017bf                getitem
 .text          0x0000000000101803      0x10a binaries/getmem.o
                0x0000000000101803                getmem
 .text          0x000000000010190d        0xa binaries/getpid.o
                0x000000000010190d                getpid
 .text          0x0000000000101917       0x7d binaries/getprio.o
                0x0000000000101917                getprio
 .text          0x0000000000101994       0xfb binaries/getstk.o
                0x0000000000101994                getstk
 .text          0x0000000000101a8f       0x16 binaries/getticks.o
                0x0000000000101a8f                getticks
 .text          0x0000000000101aa5       0x3a binaries/gettime.o
                0x0000000000101aa5                gettime
 .text          0x0000000000101adf      0x1ea binaries/getutime.o
                0x0000000000101adf                getutime
 .text          0x0000000000101cc9      0x3c5 binaries/i386.o
                0x0000000000101cc9                setsegs
                0x0000000000101ddb                init8259
                0x0000000000101e8d                pseg
                0x0000000000102035                setirmask
 .text          0x000000000010208e       0x75 binaries/init.o
                0x000000000010208e                init
 .text          0x0000000000102103      0x457 binaries/initialize.o
                0x0000000000102103                nulluser
                0x0000000000102501                stop
                0x000000000010252c                delay
 .text          0x000000000010255a       0xde binaries/insert.o
                0x000000000010255a                insert
 .text          0x0000000000102638      0x110 binaries/insertd.o
                0x0000000000102638                insertd
 .text          0x0000000000102748        0xa binaries/ioerr.o
                0x0000000000102748                ioerr
 .text          0x0000000000102752        0xa binaries/ionull.o
                0x0000000000102752                ionull
 .text          0x000000000010275c      0x19e binaries/kill.o
                0x000000000010275c                kill
 .text          0x00000000001028fa      0x14e binaries/kprintf.o
                0x00000000001028fa                kputc
                0x000000000010298d                kgetc
                0x0000000000102a1e                kprintf
 .text          0x0000000000102a48      0x1d4 binaries/lock.o
                0x0000000000102a48                init_lock
                0x0000000000102a6f                park
                0x0000000000102adf                set_park
                0x0000000000102b23                unpark
                0x0000000000102b39                lock
                0x0000000000102ba8                unlock
 .text          0x0000000000102c1c      0x3a1 binaries/main-basic.o
                0x0000000000102c1c                main_basic
                0x0000000000102da8                parallel_sum_naive
                0x0000000000102dfe                parallel_sum_sync
                0x0000000000102e79                serial_summation
                0x0000000000102ed7                naive_parallel_summation
                0x0000000000102f4a                sync_parallel_summation
 .text          0x0000000000102fbd       0xda binaries/main.o
                0x0000000000102fbd                main
 .text          0x0000000000103097      0x652 binaries/main-deadlock.o
                0x0000000000103097                test_deadlock_1
                0x00000000001030ec                test_deadlock_2
                0x0000000000103141                test_deadlock_3
                0x0000000000103196                test_deadlock_4
                0x00000000001031eb                test_deadlock_5
                0x0000000000103240                test_deadlock_6
                0x0000000000103295                test_trylock_1
                0x0000000000103305                test_trylock_2
                0x0000000000103375                test_trylock_3
                0x00000000001033e5                test_trylock_4
                0x0000000000103455                main_deadlock
                0x00000000001035d9                main_trylock
 .text          0x00000000001036e9      0x239 binaries/main-perf.o
                0x00000000001036e9                main_perf
                0x00000000001037c0                spin_task
                0x000000000010380d                bwf_task
                0x000000000010385a                test_spin
                0x00000000001038be                test_bwf
 .text          0x0000000000103922      0xf0d binaries/main-pi.o
                0x0000000000103922                single_bwf_lock_action
                0x00000000001039fb                pfm_single_bwf_lock_action
                0x0000000000103ad4                pfm_single_bwf_lock_action1
                0x0000000000103be1                single_pi_lock_action
                0x0000000000103cba                pfm_single_pi_lock_action
                0x0000000000103d93                pfm_single_pi_lock_action1
                0x0000000000103ea0                unbounded_function
                0x0000000000103f5d                double_bwf_lock_action
                0x0000000000104052                double_pi_lock_action
                0x0000000000104159                main_priority_inversion
 .text          0x000000000010482f       0xb5 binaries/mark.o
                0x000000000010482f                markinit
                0x0000000000104853                mark
 .text          0x00000000001048e4       0xcc binaries/meminit.o
                0x00000000001048e4                meminit
 .text          0x00000000001049b0      0x174 binaries/mkbufpool.o
                0x00000000001049b0                mkbufpool
 .text          0x0000000000104b24       0x94 binaries/newqueue.o
                0x0000000000104b24                newqueue
 .text          0x0000000000104bb8       0x7b binaries/open.o
                0x0000000000104bb8                open
 .text          0x0000000000104c33       0x20 binaries/panic.o
                0x0000000000104c33                panic
 .text          0x0000000000104c53      0x489 binaries/pci.o
                0x0000000000104c53                pci_init
                0x0000000000104f10                find_pci_device
                0x0000000000104f5e                pci_bios_read_config_byte
                0x0000000000104f9d                pci_bios_read_config_word
                0x0000000000104fdf                pci_bios_read_config_dword
                0x000000000010501e                pci_bios_write_config_byte
                0x000000000010505f                pci_bios_write_config_word
                0x00000000001050a1                pci_bios_write_config_dword
 .text          0x00000000001050dc      0xa03 binaries/pi_lock.o
                0x00000000001050dc                pi_init
                0x0000000000105124                pi_park
                0x0000000000105184                pi_set_park
                0x00000000001051c8                pi_unpark
                0x0000000000105270                pi_lock
                0x00000000001053bc                pi_unlock
                0x0000000000105467                priority_inheritance_protocol
                0x0000000000105851                priority_release
 .text          0x0000000000105adf       0xf1 binaries/ptclear.o
                0x0000000000105adf                _ptclear
 .text          0x0000000000105bd0       0x9d binaries/ptcount.o
                0x0000000000105bd0                ptcount
 .text          0x0000000000105c6d      0x116 binaries/ptcreate.o
                0x0000000000105c6d                ptcreate
 .text          0x0000000000105d83       0x7f binaries/ptdelete.o
                0x0000000000105d83                ptdelete
 .text          0x0000000000105e02       0xbf binaries/ptinit.o
                0x0000000000105e02                ptinit
 .text          0x0000000000105ec1      0x11b binaries/ptrecv.o
                0x0000000000105ec1                ptrecv
 .text          0x0000000000105fdc       0x77 binaries/ptreset.o
                0x0000000000105fdc                ptreset
 .text          0x0000000000106053      0x13d binaries/ptsend.o
                0x0000000000106053                ptsend
 .text          0x0000000000106190       0x80 binaries/putc.o
                0x0000000000106190                putc
 .text          0x0000000000106210      0x111 binaries/queue.o
                0x0000000000106210                enqueue
                0x00000000001062b4                dequeue
 .text          0x0000000000106321       0x7b binaries/read.o
                0x0000000000106321                read
 .text          0x000000000010639c       0x80 binaries/ready.o
                0x000000000010639c                ready
 .text          0x000000000010641c       0x64 binaries/receive.o
                0x000000000010641c                receive
 .text          0x0000000000106480       0x60 binaries/recvclr.o
                0x0000000000106480                recvclr
 .text          0x00000000001064e0       0xbf binaries/recvtime.o
                0x00000000001064e0                recvtime
 .text          0x000000000010659f      0x170 binaries/resched.o
                0x000000000010659f                resched
                0x000000000010669a                resched_cntl
 .text          0x000000000010670f       0xb2 binaries/resume.o
                0x000000000010670f                resume
 .text          0x00000000001067c1       0x79 binaries/seek.o
                0x00000000001067c1                seek
 .text          0x000000000010683a       0x70 binaries/semcount.o
                0x000000000010683a                semcount
 .text          0x00000000001068aa       0xd6 binaries/semcreate.o
                0x00000000001068aa                semcreate
 .text          0x0000000000106980       0xcd binaries/semdelete.o
                0x0000000000106980                semdelete
 .text          0x0000000000106a4d       0xcb binaries/semreset.o
                0x0000000000106a4d                semreset
 .text          0x0000000000106b18       0xee binaries/send.o
                0x0000000000106b18                send
 .text          0x0000000000106c06       0xa8 binaries/signal.o
                0x0000000000106c06                signal
 .text          0x0000000000106cae       0xd6 binaries/signaln.o
                0x0000000000106cae                signaln
 .text          0x0000000000106d84       0xee binaries/sleep.o
                0x0000000000106d84                sleep
                0x0000000000106dd2                sleepms
 .text          0x0000000000106e72       0x3b binaries/spinlock.o
                0x0000000000106e72                sl_init
                0x0000000000106e80                sl_lock
                0x0000000000106e9f                sl_unlock
 .text          0x0000000000106ead      0x193 binaries/stacktrace.o
                0x0000000000106ead                stacktrace
 .text          0x0000000000107040       0xe8 binaries/suspend.o
                0x0000000000107040                suspend
 .text          0x0000000000107128       0xea binaries/unsleep.o
                0x0000000000107128                unsleep
 .text          0x0000000000107212       0x19 binaries/userret.o
                0x0000000000107212                userret
 .text          0x000000000010722b       0xdf binaries/wait.o
                0x000000000010722b                wait
 .text          0x000000000010730a       0x72 binaries/wakeup.o
                0x000000000010730a                wakeup
 .text          0x000000000010737c       0x7b binaries/write.o
                0x000000000010737c                write
 .text          0x00000000001073f7       0x1d binaries/xdone.o
                0x00000000001073f7                xdone
 .text          0x0000000000107414       0x28 binaries/yield.o
                0x0000000000107414                yield
 .text          0x000000000010743c       0x11 binaries/abs.o
                0x000000000010743c                abs
 .text          0x000000000010744d       0x8f binaries/atoi.o
                0x000000000010744d                atoi
 .text          0x00000000001074dc       0x8f binaries/atol.o
                0x00000000001074dc                atol
 .text          0x000000000010756b       0x31 binaries/bzero.o
                0x000000000010756b                bzero
 .text          0x000000000010759c        0x0 binaries/ctype_.o
 .text          0x000000000010759c      0x8ed binaries/doprnt.o
                0x000000000010759c                _doprnt
 .text          0x0000000000107e89      0x65c binaries/doscan.o
                0x0000000000107e89                _doscan
 .text          0x00000000001084e5      0x711 binaries/fdoprnt.o
                0x00000000001084e5                _fdoprnt
 .text          0x0000000000108bf6       0x29 binaries/fgetc.o
                0x0000000000108bf6                fgetc
 .text          0x0000000000108c1f       0x75 binaries/fgets.o
                0x0000000000108c1f                fgets
 .text          0x0000000000108c94       0x2a binaries/fprintf.o
                0x0000000000108c94                fprintf
 .text          0x0000000000108cbe       0x2c binaries/fputc.o
                0x0000000000108cbe                fputc
 .text          0x0000000000108cea       0x43 binaries/fputs.o
                0x0000000000108cea                fputs
 .text          0x0000000000108d2d       0x8a binaries/fscanf.o
                0x0000000000108d2d                fscanf
 .text          0x0000000000108db7       0x35 binaries/getchar.o
                0x0000000000108db7                getchar
 .text          0x0000000000108dec       0x11 binaries/labs.o
                0x0000000000108dec                labs
 .text          0x0000000000108dfd        0x0 binaries/memchr.o
 .text          0x0000000000108dfd       0x51 binaries/memcmp.o
                0x0000000000108dfd                memcmp
 .text          0x0000000000108e4e       0x3f binaries/memcpy.o
                0x0000000000108e4e                memcpy
 .text          0x0000000000108e8d       0x30 binaries/memset.o
                0x0000000000108e8d                memset
 .text          0x0000000000108ebd       0x4b binaries/printf.o
                0x0000000000108ebd                printf
 .text          0x0000000000108f08       0x38 binaries/putchar.o
                0x0000000000108f08                putchar
 .text          0x0000000000108f40      0x27e binaries/qsort.o
                0x0000000000108f40                qsort
 .text          0x00000000001091be       0x63 binaries/rand.o
                0x00000000001091be                rand
                0x00000000001091d6                rand_r
                0x0000000000109214                srand
 .text          0x0000000000109221       0x66 binaries/sprintf.o
                0x0000000000109221                sprintf
 .text          0x0000000000109287       0x70 binaries/sscanf.o
                0x0000000000109287                sscanf
 .text          0x00000000001092f7       0x3c binaries/strchr.o
                0x00000000001092f7                strchr
 .text          0x0000000000109333       0x45 binaries/strcmp.o
                0x0000000000109333                strcmp
 .text          0x0000000000109378       0x27 binaries/strcpy.o
                0x0000000000109378                strcpy
 .text          0x000000000010939f       0x26 binaries/strlen.o
                0x000000000010939f                strlen
 .text          0x00000000001093c5       0x56 binaries/strncat.o
                0x00000000001093c5                strncat
 .text          0x000000000010941b       0x5f binaries/strncmp.o
                0x000000000010941b                strncmp
 .text          0x000000000010947a       0x4f binaries/strncpy.o
                0x000000000010947a                strncpy
 .text          0x00000000001094c9       0x2e binaries/strnlen.o
                0x00000000001094c9                strnlen
 .text          0x00000000001094f7       0x45 binaries/strrchr.o
                0x00000000001094f7                strrchr
 .text          0x000000000010953c       0x6d binaries/strstr.o
                0x000000000010953c                strstr
 .text          0x00000000001095a9       0xe4 binaries/ttycontrol.o
                0x00000000001095a9                ttycontrol
 .text          0x000000000010968d       0x97 binaries/ttygetc.o
                0x000000000010968d                ttygetc
 .text          0x0000000000109724      0x6ee binaries/ttyhandle_in.o
                0x0000000000109724                ttyhandle_in
 .text          0x0000000000109e12      0x1ae binaries/ttyhandle_out.o
                0x0000000000109e12                ttyhandle_out
 .text          0x0000000000109fc0       0xce binaries/ttyhandler.o
                0x0000000000109fc0                ttyhandler
 .text          0x000000000010a08e      0x22f binaries/ttyinit.o
                0x000000000010a08e                ttyinit
 .text          0x000000000010a2bd       0x1b binaries/ttykickout.o
                0x000000000010a2bd                ttykickout
 .text          0x000000000010a2d8       0xb7 binaries/ttyputc.o
                0x000000000010a2d8                ttyputc
 .text          0x000000000010a38f      0x11b binaries/ttyread.o
                0x000000000010a38f                ttyread
 .text          0x000000000010a4aa       0x4f binaries/ttywrite.o
                0x000000000010a4aa                ttywrite
 .text          0x000000000010a4f9      0x14b binaries/mount.o
                0x000000000010a4f9                mount
                0x000000000010a60e                namlen
 .text          0x000000000010a644      0x1ea binaries/naminit.o
                0x000000000010a644                naminit
 .text          0x000000000010a82e      0x211 binaries/nammap.o
                0x000000000010a82e                nammap
                0x000000000010a8b9                namrepl
                0x000000000010a9ef                namcpy
 .text          0x000000000010aa3f       0x4e binaries/namopen.o
                0x000000000010aa3f                namopen
 .text          0x000000000010aa8d      0xec3 binaries/82545EMInit.o
                0x000000000010aaeb                _82545EMInit
                0x000000000010b7bc                _82545EM_read_phy_reg
                0x000000000010b882                _82545EM_write_phy_reg
 .text          0x000000000010b950      0x241 binaries/ethcontrol.o
                0x000000000010b9ae                ethcontrol
                0x000000000010bb24                ethIrqDisable
                0x000000000010bb59                ethIrqEnable
 .text          0x000000000010bb91      0x252 binaries/ethhandler.o
                0x000000000010bd01                ethhandler
 .text          0x000000000010bde3      0x126 binaries/ethinit.o
                0x000000000010bde3                ethinit
 .text          0x000000000010bf09      0x1f4 binaries/ethread.o
                0x000000000010bf67                ethread
 .text          0x000000000010c0fd      0x19f binaries/ethwrite.o
                0x000000000010c15b                ethwrite
 .text          0x000000000010c29c       0x9e binaries/rdsbufalloc.o
                0x000000000010c29c                rdsbufalloc
 .text          0x000000000010c33a       0xcc binaries/rdsclose.o
                0x000000000010c33a                rdsclose
 .text          0x000000000010c406      0x2e8 binaries/rdscomm.o
                0x000000000010c406                rdscomm
 .text          0x000000000010c6ee      0x233 binaries/rdscontrol.o
                0x000000000010c6ee                rdscontrol
 .text          0x000000000010c921      0x1f3 binaries/rdsinit.o
                0x000000000010c921                rdsinit
 .text          0x000000000010cb14      0x19b binaries/rdsopen.o
                0x000000000010cb14                rdsopen
 .text          0x000000000010ccaf      0x461 binaries/rdsprocess.o
                0x000000000010ccaf                rdsprocess
 .text          0x000000000010d110      0x259 binaries/rdsread.o
                0x000000000010d110                rdsread
 .text          0x000000000010d369      0x1fe binaries/rdswrite.o
                0x000000000010d369                rdswrite
 .text          0x000000000010d567        0xa binaries/ramclose.o
                0x000000000010d567                ramclose
 .text          0x000000000010d571       0x3e binaries/raminit.o
                0x000000000010d571                raminit
 .text          0x000000000010d5af        0xa binaries/ramopen.o
                0x000000000010d5af                ramopen
 .text          0x000000000010d5b9       0x32 binaries/ramread.o
                0x000000000010d5b9                ramread
 .text          0x000000000010d5eb       0x32 binaries/ramwrite.o
                0x000000000010d5eb                ramwrite
 .text          0x000000000010d61d       0x98 binaries/lfdballoc.o
                0x000000000010d61d                lfdballoc
 .text          0x000000000010d6b5       0x58 binaries/lfdbfree.o
                0x000000000010d6b5                lfdbfree
 .text          0x000000000010d70d       0xb6 binaries/lfflush.o
                0x000000000010d70d                lfflush
 .text          0x000000000010d7c3       0xd8 binaries/lfgetmode.o
                0x000000000010d7c3                lfgetmode
 .text          0x000000000010d89b       0x68 binaries/lfiballoc.o
                0x000000000010d89b                lfiballoc
 .text          0x000000000010d903       0x3b binaries/lfibclear.o
                0x000000000010d903                lfibclear
 .text          0x000000000010d93e       0xad binaries/lfibget.o
                0x000000000010d93e                lfibget
 .text          0x000000000010d9eb       0xdc binaries/lfibput.o
                0x000000000010d9eb                lfibput
 .text          0x000000000010dac7       0xa2 binaries/lflclose.o
                0x000000000010dac7                lflclose
 .text          0x000000000010db69       0xd0 binaries/lflcontrol.o
                0x000000000010db69                lflcontrol
 .text          0x000000000010dc39       0xf2 binaries/lflgetc.o
                0x000000000010dc39                lflgetc
 .text          0x000000000010dd2b       0xf1 binaries/lflinit.o
                0x000000000010dd2b                lflinit
 .text          0x000000000010de1c      0x122 binaries/lflputc.o
                0x000000000010de1c                lflputc
 .text          0x000000000010df3e       0x70 binaries/lflread.o
                0x000000000010df3e                lflread
 .text          0x000000000010dfae       0xac binaries/lflseek.o
                0x000000000010dfae                lflseek
 .text          0x000000000010e05a       0x55 binaries/lflwrite.o
                0x000000000010e05a                lflwrite
 .text          0x000000000010e0af       0x62 binaries/lfscheck.o
                0x000000000010e0af                lfscheck
 .text          0x000000000010e111      0x175 binaries/lfsckfmt.o
                0x000000000010e111                lfsckfmt
 .text          0x000000000010e286      0x1ad binaries/lfscreate.o
                0x000000000010e286                lfscreate
 .text          0x000000000010e433      0x278 binaries/lfsetup.o
                0x000000000010e433                lfsetup
 .text          0x000000000010e6ab       0x51 binaries/lfsinit.o
                0x000000000010e6ab                lfsinit
 .text          0x000000000010e6fc      0x3c0 binaries/lfsopen.o
                0x000000000010e6fc                lfsopen
 .text          0x000000000010eabc      0x15e binaries/lftruncate.o
                0x000000000010eabc                lftruncate
 .text          0x000000000010ec1a       0x71 binaries/rflclose.o
                0x000000000010ec1a                rflclose
 .text          0x000000000010ec8b       0x32 binaries/rflgetc.o
                0x000000000010ec8b                rflgetc
 .text          0x000000000010ecbd       0x76 binaries/rflinit.o
                0x000000000010ecbd                rflinit
 .text          0x000000000010ed33       0x33 binaries/rflputc.o
                0x000000000010ed33                rflputc
 .text          0x000000000010ed66      0x360 binaries/rflread.o
                0x000000000010ed66                rflread
 .text          0x000000000010f0c6       0x74 binaries/rflseek.o
                0x000000000010f0c6                rflseek
 .text          0x000000000010f13a      0x34d binaries/rflwrite.o
                0x000000000010f13a                rflwrite
 .text          0x000000000010f487      0x1e2 binaries/rfscomm.o
                0x000000000010f487                rfscomm
 .text          0x000000000010f669      0x26d binaries/rfscontrol.o
                0x000000000010f669                rfscontrol
 .text          0x000000000010f8d6       0xd8 binaries/rfsgetmode.o
                0x000000000010f8d6                rfsgetmode
 .text          0x000000000010f9ae       0x86 binaries/rfsinit.o
                0x000000000010f9ae                rfsinit
 .text          0x000000000010fa34      0x111 binaries/rfsndmsg.o
                0x000000000010fa34                rfsndmsg
 .text          0x000000000010fb45      0x2aa binaries/rfsopen.o
                0x000000000010fb45                rfsopen
 .text          0x000000000010fdef      0x836 binaries/arp.o
                0x000000000010fdef                arp_init
                0x000000000010fe21                arp_resolve
                0x00000000001100d5                arp_in
                0x000000000011038d                arp_alloc
                0x000000000011044d                arp_ntoh
                0x0000000000110539                arp_hton
 .text          0x0000000000110625      0x8e3 binaries/dhcp.o
                0x0000000000110625                dhcp_get_opt_val
                0x000000000011067e                dhcp_bld_bootp_msg
                0x000000000011078b                dhcp_bld_disc
                0x0000000000110874                dhcp_bld_req
                0x00000000001109e6                getlocalip
 .text          0x0000000000110f08      0x59f binaries/dns.o
                0x0000000000110f08                dnslookup
 .text          0x00000000001114a7       0xe8 binaries/dot2ip.o
                0x00000000001114a7                dot2ip
 .text          0x000000000011158f      0x4c4 binaries/hexdump.o
                0x000000000011158f                hexdump
                0x0000000000111736                hexadump
 .text          0x0000000000111a53      0x8af binaries/icmp.o
                0x0000000000111a53                icmp_init
                0x0000000000111a8a                icmp_in
                0x0000000000111c60                icmp_register
                0x0000000000111d5b                icmp_recv
                0x0000000000111ee7                icmp_send
                0x0000000000111f6f                icmp_mkpkt
                0x0000000000112089                icmp_release
                0x0000000000112187                icmp_cksum
                0x000000000011221a                icmp_hton
                0x000000000011228e                icmp_ntoh
 .text          0x0000000000112302      0x8a5 binaries/ip.o
                0x0000000000112302                ip_in
                0x0000000000112486                ip_send
                0x00000000001125e1                ip_local
                0x000000000011262d                ip_out
                0x0000000000112766                ipcksum
                0x00000000001127ec                ip_ntoh
                0x00000000001128d8                ip_hton
                0x00000000001129c4                ipout
                0x0000000000112af3                ip_enqueue
 .text          0x0000000000112ba7      0x2cd binaries/net.o
                0x0000000000112ba7                net_init
                0x0000000000112ccf                netin
                0x0000000000112d8c                eth_hton
                0x0000000000112db6                eth_ntoh
                0x0000000000112de0                getport
 .text          0x0000000000112e74     0x147f binaries/pdump.o
                0x0000000000112e74                pdump
                0x0000000000113c31                pdumph
 .text          0x00000000001142f3      0x613 binaries/tftp.o
                0x00000000001142f3                tftp_send1
                0x000000000011446b                tftpget
                0x000000000011449d                tftpget_mb
 .text          0x0000000000114906      0xb82 binaries/udp.o
                0x0000000000114906                udp_init
                0x000000000011493b                udp_in
                0x0000000000114a7d                udp_register
                0x0000000000114bba                udp_recv
                0x0000000000114d56                udp_recvaddr
                0x0000000000114f0a                udp_send
                0x00000000001150f2                udp_sendto
                0x00000000001152a3                udp_release
                0x000000000011539e                udp_ntoh
                0x0000000000115413                udp_hton
 .text          0x0000000000115488      0x13c binaries/addargs.o
                0x0000000000115488                addargs
 .text          0x00000000001155c4      0x2c9 binaries/lexan.o
                0x00000000001155c4                lexan
 .text          0x000000000011588d      0x66b binaries/shell.o
                0x000000000011588d                shell
 .text          0x0000000000115ef8       0x69 binaries/xsh_argecho.o
                0x0000000000115ef8                xsh_argecho
 .text          0x0000000000115f61      0x275 binaries/xsh_arp.o
                0x0000000000115f61                xsh_arp
 .text          0x00000000001161d6      0x28a binaries/xsh_cat.o
                0x00000000001161d6                xsh_cat
 .text          0x0000000000116460       0x62 binaries/xsh_clear.o
                0x0000000000116460                xsh_clear
 .text          0x00000000001164c2      0x30e binaries/xsh_date.o
                0x00000000001164c2                xsh_date
 .text          0x00000000001167d0       0xb2 binaries/xsh_devdump.o
                0x00000000001167d0                xsh_devdump
 .text          0x0000000000116882       0x72 binaries/xsh_echo.o
                0x0000000000116882                xsh_echo
 .text          0x00000000001168f4        0xa binaries/xsh_exit.o
                0x00000000001168f4                xsh_exit
 .text          0x00000000001168fe      0x391 binaries/xsh_help.o
                0x00000000001168fe                xsh_help
 .text          0x0000000000116c8f      0x25d binaries/xsh_kill.o
                0x0000000000116c8f                xsh_kill
 .text          0x0000000000116eec      0x55d binaries/xsh_memdump.o
                0x0000000000116eec                xsh_memdump
 .text          0x0000000000117449      0x2b7 binaries/xsh_memstat.o
                0x0000000000117449                xsh_memstat
 .text          0x0000000000117700      0x51d binaries/xsh_netinfo.o
                0x0000000000117700                xsh_netinfo
 .text          0x0000000000117c1d      0x4b3 binaries/xsh_ping.o
                0x0000000000117c1d                xsh_ping
 .text          0x00000000001180d0      0x230 binaries/xsh_ps.o
                0x00000000001180d0                xsh_ps
 .text          0x0000000000118300      0x239 binaries/xsh_sleep.o
                0x0000000000118300                xsh_sleep
 .text          0x0000000000118539      0x282 binaries/xsh_udpdump.o
                0x0000000000118539                xsh_udpdump
 .text          0x00000000001187bb      0x4ea binaries/xsh_udpecho.o
                0x00000000001187bb                xsh_udpecho
 .text          0x0000000000118ca5      0x2c8 binaries/xsh_udpserver.o
                0x0000000000118ca5                xsh_udpeserver
 .text          0x0000000000118f6d      0x1fb binaries/xsh_uptime.o
                0x0000000000118f6d                xsh_uptime
 .text          0x0000000000119168        0xe binaries/clkdisp.o
                0x0000000000119168                clkdisp
 .text          0x0000000000119176       0x19 binaries/ctxsw.o
                0x0000000000119176                ctxsw
 .text          0x000000000011918f      0x36b binaries/intr.o
                0x000000000011918f                disable
                0x0000000000119198                restore
                0x00000000001191a6                enable
                0x00000000001191a8                pause
                0x00000000001191af                halt
                0x00000000001191b5                spurious_irq7
                0x00000000001191ba                spurious_irq15
                0x00000000001191c9                _Xint0
                0x00000000001191d4                _Xint1
                0x00000000001191df                _Xint2
                0x00000000001191ea                _Xint3
                0x00000000001191f5                _Xint4
                0x0000000000119200                _Xint5
                0x000000000011920b                _Xint6
                0x0000000000119216                _Xint7
                0x0000000000119221                _Xint8
                0x000000000011922c                _Xint9
                0x0000000000119237                _Xint10
                0x0000000000119242                _Xint11
                0x0000000000119250                _Xint12
                0x000000000011925e                _Xint13
                0x000000000011926c                _Xint14
                0x000000000011927a                _Xint15
                0x0000000000119288                _Xint16
                0x0000000000119296                _Xint17
                0x00000000001192a4                _Xint18
                0x00000000001192b2                _Xint19
                0x00000000001192c0                _Xint20
                0x00000000001192ce                _Xint21
                0x00000000001192dc                _Xint22
                0x00000000001192ea                _Xint23
                0x00000000001192f8                _Xint24
                0x0000000000119306                _Xint25
                0x0000000000119314                _Xint26
                0x0000000000119322                _Xint27
                0x0000000000119330                _Xint28
                0x000000000011933e                _Xint29
                0x000000000011934c                _Xint30
                0x000000000011935a                _Xint31
                0x0000000000119368                _Xint32
                0x0000000000119376                _Xint33
                0x0000000000119384                _Xint34
                0x0000000000119392                _Xint35
                0x00000000001193a0                _Xint36
                0x00000000001193ae                _Xint37
                0x00000000001193bc                _Xint38
                0x00000000001193ca                _Xint39
                0x00000000001193d8                _Xint40
                0x00000000001193e6                _Xint41
                0x00000000001193f4                _Xint42
                0x0000000000119402                _Xint43
                0x0000000000119410                _Xint44
                0x000000000011941e                _Xint45
                0x000000000011942c                _Xint46
                0x000000000011943a                defevec
 .text          0x00000000001194fa        0xb binaries/testandset.o
                0x00000000001194fa                test_and_set
 .text          0x0000000000119505        0xf binaries/ttydispatch.o
                0x0000000000119505                ttydispatch
 .text          0x0000000000119514       0x13 binaries/ethdispatch.o
                0x0000000000119514                ethdispatch
 *(.rodata .rodata.*)
 .rodata        0x0000000000119527       0x1c binaries/active_lock.o
 *fill*         0x0000000000119543        0x1 
 .rodata        0x0000000000119544       0x8e binaries/ascdate.o
 .rodata        0x00000000001195d2       0xae binaries/conf.o
 .rodata        0x0000000000119680      0x22f binaries/evec.o
 *fill*         0x00000000001198af        0x1 
 .rodata        0x00000000001198b0       0x61 binaries/getutime.o
 *fill*         0x0000000000119911        0x3 
 .rodata        0x0000000000119914       0x90 binaries/i386.o
 .rodata        0x00000000001199a4      0x181 binaries/initialize.o
 *fill*         0x0000000000119b25        0x3 
 .rodata        0x0000000000119b28       0x20 binaries/kill.o
 .rodata        0x0000000000119b48       0x8a binaries/main-basic.o
 *fill*         0x0000000000119bd2        0x2 
 .rodata        0x0000000000119bd4       0xd2 binaries/main.o
 .rodata        0x0000000000119ca6       0xcd binaries/main-deadlock.o
 *fill*         0x0000000000119d73        0x1 
 .rodata        0x0000000000119d74       0x61 binaries/main-perf.o
 *fill*         0x0000000000119dd5        0x3 
 .rodata        0x0000000000119dd8      0x39f binaries/main-pi.o
 .rodata        0x000000000011a177        0xf binaries/panic.o
 *fill*         0x000000000011a186        0x2 
 .rodata        0x000000000011a188      0x1ec binaries/pci.o
 .rodata        0x000000000011a374       0x1e binaries/pi_lock.o
 .rodata        0x000000000011a392       0x1d binaries/ptinit.o
 *fill*         0x000000000011a3af        0x1 
 .rodata        0x000000000011a3b0       0x25 binaries/ptsend.o
 *fill*         0x000000000011a3d5        0x3 
 .rodata        0x000000000011a3d8       0xb7 binaries/stacktrace.o
 *fill*         0x000000000011a48f        0x1 
 .rodata        0x000000000011a490       0x27 binaries/xdone.o
 *fill*         0x000000000011a4b7        0x9 
 .rodata        0x000000000011a4c0       0x81 binaries/ctype_.o
                0x000000000011a4c0                _ctype_
 *fill*         0x000000000011a541        0x3 
 .rodata        0x000000000011a544       0xee binaries/doprnt.o
 *fill*         0x000000000011a632        0x2 
 .rodata        0x000000000011a634       0x98 binaries/doscan.o
 .rodata        0x000000000011a6cc       0xae binaries/fdoprnt.o
 *fill*         0x000000000011a77a        0x2 
 .rodata        0x000000000011a77c       0x20 binaries/ttycontrol.o
 .rodata        0x000000000011a79c       0x34 binaries/ttyhandler.o
 .rodata        0x000000000011a7d0       0x80 binaries/naminit.o
 .rodata        0x000000000011a850       0x2e binaries/82545EMInit.o
 *fill*         0x000000000011a87e        0x2 
 .rodata        0x000000000011a880       0x78 binaries/ethinit.o
 .rodata        0x000000000011a8f8       0x18 binaries/ethread.o
 .rodata        0x000000000011a910       0x2c binaries/rdsbufalloc.o
 .rodata        0x000000000011a93c       0x76 binaries/rdscomm.o
 *fill*         0x000000000011a9b2        0x2 
 .rodata        0x000000000011a9b4       0x48 binaries/rdscontrol.o
 .rodata        0x000000000011a9fc       0x96 binaries/rdsinit.o
 *fill*         0x000000000011aa92        0x2 
 .rodata        0x000000000011aa94       0x22 binaries/rdsopen.o
 *fill*         0x000000000011aab6        0x2 
 .rodata        0x000000000011aab8       0x4d binaries/rdsprocess.o
 .rodata        0x000000000011ab05        0x9 binaries/raminit.o
 *fill*         0x000000000011ab0e        0x2 
 .rodata        0x000000000011ab10       0x37 binaries/lfdballoc.o
 .rodata        0x000000000011ab47       0x14 binaries/lfiballoc.o
 *fill*         0x000000000011ab5b        0x1 
 .rodata        0x000000000011ab5c       0x23 binaries/lflcontrol.o
 *fill*         0x000000000011ab7f        0x1 
 .rodata        0x000000000011ab80      0x11b binaries/lfsckfmt.o
 *fill*         0x000000000011ac9b        0x1 
 .rodata        0x000000000011ac9c       0x2a binaries/lfsopen.o
 *fill*         0x000000000011acc6        0x2 
 .rodata        0x000000000011acc8       0x21 binaries/rflread.o
 *fill*         0x000000000011ace9        0x3 
 .rodata        0x000000000011acec       0x21 binaries/rflwrite.o
 *fill*         0x000000000011ad0d        0x3 
 .rodata        0x000000000011ad10       0x75 binaries/rfscomm.o
 *fill*         0x000000000011ad85        0x3 
 .rodata        0x000000000011ad88       0x3c binaries/rfscontrol.o
 .rodata        0x000000000011adc4       0x63 binaries/rfsinit.o
 *fill*         0x000000000011ae27        0x1 
 .rodata        0x000000000011ae28       0x2a binaries/rfsndmsg.o
 *fill*         0x000000000011ae52        0x2 
 .rodata        0x000000000011ae54       0x22 binaries/rfsopen.o
 *fill*         0x000000000011ae76        0x2 
 .rodata        0x000000000011ae78       0x3a binaries/arp.o
 *fill*         0x000000000011aeb2        0x2 
 .rodata        0x000000000011aeb4       0xcf binaries/dhcp.o
 .rodata        0x000000000011af83       0x1a binaries/dns.o
 *fill*         0x000000000011af9d        0x3 
 .rodata        0x000000000011afa0       0xc9 binaries/hexdump.o
 *fill*         0x000000000011b069        0x3 
 .rodata        0x000000000011b06c       0x29 binaries/icmp.o
 *fill*         0x000000000011b095        0x3 
 .rodata        0x000000000011b098       0x6e binaries/ip.o
 *fill*         0x000000000011b106        0x2 
 .rodata        0x000000000011b108       0x4f binaries/net.o
 *fill*         0x000000000011b157        0x1 
 .rodata        0x000000000011b158      0x26f binaries/pdump.o
 *fill*         0x000000000011b3c7        0x1 
 .rodata        0x000000000011b3c8      0x154 binaries/tftp.o
 *fill*         0x000000000011b51c        0x4 
 .rodata        0x000000000011b520      0x3c1 binaries/shell.o
                0x000000000011b5a0                cmdtab
 .rodata        0x000000000011b8e1       0x28 binaries/xsh_argecho.o
 *fill*         0x000000000011b909        0x3 
 .rodata        0x000000000011b90c      0x123 binaries/xsh_arp.o
 *fill*         0x000000000011ba2f        0x1 
 .rodata        0x000000000011ba30       0xc9 binaries/xsh_cat.o
 .rodata        0x000000000011baf9       0x19 binaries/xsh_clear.o
 *fill*         0x000000000011bb12        0x2 
 .rodata        0x000000000011bb14      0x1c3 binaries/xsh_date.o
 .rodata        0x000000000011bcd7       0x5d binaries/xsh_devdump.o
 .rodata        0x000000000011bd34        0x9 binaries/xsh_echo.o
 *fill*         0x000000000011bd3d        0x3 
 .rodata        0x000000000011bd40      0x169 binaries/xsh_help.o
 *fill*         0x000000000011bea9        0x3 
 .rodata        0x000000000011beac      0x12e binaries/xsh_kill.o
 *fill*         0x000000000011bfda        0x2 
 .rodata        0x000000000011bfdc      0x266 binaries/xsh_memdump.o
 *fill*         0x000000000011c242        0x2 
 .rodata        0x000000000011c244      0x225 binaries/xsh_memstat.o
 *fill*         0x000000000011c469        0x3 
 .rodata        0x000000000011c46c      0x1b0 binaries/xsh_netinfo.o
 .rodata        0x000000000011c61c      0x1a1 binaries/xsh_ping.o
 *fill*         0x000000000011c7bd        0x3 
 .rodata        0x000000000011c7c0      0x1e0 binaries/xsh_ps.o
 .rodata        0x000000000011c9a0       0xeb binaries/xsh_sleep.o
 *fill*         0x000000000011ca8b        0x1 
 .rodata        0x000000000011ca8c      0x1b8 binaries/xsh_udpdump.o
 .rodata        0x000000000011cc44      0x215 binaries/xsh_udpecho.o
 *fill*         0x000000000011ce59        0x3 
 .rodata        0x000000000011ce5c      0x12b binaries/xsh_udpserver.o
 *fill*         0x000000000011cf87        0x1 
 .rodata        0x000000000011cf88      0x105 binaries/xsh_uptime.o
                0x000000000011d08d                etext = ABSOLUTE (.)
                0x000000000011e000                . = ALIGN (0x1000)
 *fill*         0x000000000011d08d      0xf73 

.eh_frame       0x000000000011e000     0x33d8
 .eh_frame      0x000000000011e000      0x158 binaries/active_lock.o
 .eh_frame      0x000000000011e158       0x20 binaries/ascdate.o
                                         0x38 (size before relaxing)
 .eh_frame      0x000000000011e178       0x20 binaries/bufinit.o
                                         0x38 (size before relaxing)
 .eh_frame      0x000000000011e198       0x20 binaries/chprio.o
                                         0x38 (size before relaxing)
 .eh_frame      0x000000000011e1b8       0x20 binaries/clkhandler.o
                                         0x38 (size before relaxing)
 .eh_frame      0x000000000011e1d8       0x20 binaries/clkinit.o
                                         0x38 (size before relaxing)
 .eh_frame      0x000000000011e1f8       0x20 binaries/close.o
                                         0x38 (size before relaxing)
 .eh_frame      0x000000000011e218       0x20 binaries/control.o
                                         0x38 (size before relaxing)
 .eh_frame      0x000000000011e238       0x40 binaries/create.o
                                         0x58 (size before relaxing)
 .eh_frame      0x000000000011e278       0x60 binaries/evec.o
                                         0x78 (size before relaxing)
 .eh_frame      0x000000000011e2d8       0x20 binaries/exit.o
                                         0x38 (size before relaxing)
 .eh_frame      0x000000000011e2f8       0x20 binaries/freebuf.o
                                         0x38 (size before relaxing)
 .eh_frame      0x000000000011e318       0x20 binaries/freemem.o
                                         0x38 (size before relaxing)
 .eh_frame      0x000000000011e338       0x20 binaries/getbuf.o
                                         0x38 (size before relaxing)
 .eh_frame      0x000000000011e358       0x20 binaries/getc.o
                                         0x38 (size before relaxing)
 .eh_frame      0x000000000011e378       0x20 binaries/getdev.o
                                         0x38 (size before relaxing)
 .eh_frame      0x000000000011e398       0x60 binaries/getitem.o
                                         0x78 (size before relaxing)
 .eh_frame      0x000000000011e3f8       0x20 binaries/getmem.o
                                         0x38 (size before relaxing)
 .eh_frame      0x000000000011e418       0x20 binaries/getpid.o
                                         0x38 (size before relaxing)
 .eh_frame      0x000000000011e438       0x20 binaries/getprio.o
                                         0x38 (size before relaxing)
 .eh_frame      0x000000000011e458       0x20 binaries/getstk.o
                                         0x38 (size before relaxing)
 .eh_frame      0x000000000011e478       0x20 binaries/getticks.o
                                         0x38 (size before relaxing)
 .eh_frame      0x000000000011e498       0x20 binaries/gettime.o
                                         0x38 (size before relaxing)
 .eh_frame      0x000000000011e4b8       0x20 binaries/getutime.o
                                         0x38 (size before relaxing)
 .eh_frame      0x000000000011e4d8       0x8c binaries/i386.o
                                         0xa4 (size before relaxing)
 .eh_frame      0x000000000011e564       0x20 binaries/init.o
                                         0x38 (size before relaxing)
 .eh_frame      0x000000000011e584       0xa0 binaries/initialize.o
                                         0xb8 (size before relaxing)
 .eh_frame      0x000000000011e624       0x20 binaries/insert.o
                                         0x38 (size before relaxing)
 .eh_frame      0x000000000011e644       0x20 binaries/insertd.o
                                         0x38 (size before relaxing)
 .eh_frame      0x000000000011e664       0x20 binaries/ioerr.o
                                         0x38 (size before relaxing)
 .eh_frame      0x000000000011e684       0x20 binaries/ionull.o
                                         0x38 (size before relaxing)
 .eh_frame      0x000000000011e6a4       0x20 binaries/kill.o
                                         0x38 (size before relaxing)
 .eh_frame      0x000000000011e6c4       0x60 binaries/kprintf.o
                                         0x78 (size before relaxing)
 .eh_frame      0x000000000011e724       0xc0 binaries/lock.o
                                         0xd8 (size before relaxing)
 .eh_frame      0x000000000011e7e4       0xcc binaries/main-basic.o
                                         0xe4 (size before relaxing)
 .eh_frame      0x000000000011e8b0       0x24 binaries/main.o
                                         0x3c (size before relaxing)
 .eh_frame      0x000000000011e8d4      0x180 binaries/main-deadlock.o
                                        0x198 (size before relaxing)
 .eh_frame      0x000000000011ea54       0xa0 binaries/main-perf.o
                                         0xb8 (size before relaxing)
 .eh_frame      0x000000000011eaf4      0x164 binaries/main-pi.o
                                        0x17c (size before relaxing)
 .eh_frame      0x000000000011ec58       0x40 binaries/mark.o
                                         0x58 (size before relaxing)
 .eh_frame      0x000000000011ec98       0x20 binaries/meminit.o
                                         0x38 (size before relaxing)
 .eh_frame      0x000000000011ecb8       0x20 binaries/mkbufpool.o
                                         0x38 (size before relaxing)
 .eh_frame      0x000000000011ecd8       0x20 binaries/newqueue.o
                                         0x38 (size before relaxing)
 .eh_frame      0x000000000011ecf8       0x20 binaries/open.o
                                         0x38 (size before relaxing)
 .eh_frame      0x000000000011ed18       0x1c binaries/panic.o
                                         0x34 (size before relaxing)
 .eh_frame      0x000000000011ed34      0x1c8 binaries/pci.o
                                        0x1e0 (size before relaxing)
 .eh_frame      0x000000000011eefc      0x100 binaries/pi_lock.o
                                        0x118 (size before relaxing)
 .eh_frame      0x000000000011effc       0x20 binaries/ptclear.o
                                         0x38 (size before relaxing)
 .eh_frame      0x000000000011f01c       0x20 binaries/ptcount.o
                                         0x38 (size before relaxing)
 .eh_frame      0x000000000011f03c       0x20 binaries/ptcreate.o
                                         0x38 (size before relaxing)
 .eh_frame      0x000000000011f05c       0x20 binaries/ptdelete.o
                                         0x38 (size before relaxing)
 .eh_frame      0x000000000011f07c       0x20 binaries/ptinit.o
                                         0x38 (size before relaxing)
 .eh_frame      0x000000000011f09c       0x20 binaries/ptrecv.o
                                         0x38 (size before relaxing)
 .eh_frame      0x000000000011f0bc       0x20 binaries/ptreset.o
                                         0x38 (size before relaxing)
 .eh_frame      0x000000000011f0dc       0x20 binaries/ptsend.o
                                         0x38 (size before relaxing)
 .eh_frame      0x000000000011f0fc       0x20 binaries/putc.o
                                         0x38 (size before relaxing)
 .eh_frame      0x000000000011f11c       0x40 binaries/queue.o
                                         0x58 (size before relaxing)
 .eh_frame      0x000000000011f15c       0x20 binaries/read.o
                                         0x38 (size before relaxing)
 .eh_frame      0x000000000011f17c       0x24 binaries/ready.o
                                         0x3c (size before relaxing)
 .eh_frame      0x000000000011f1a0       0x20 binaries/receive.o
                                         0x38 (size before relaxing)
 .eh_frame      0x000000000011f1c0       0x20 binaries/recvclr.o
                                         0x38 (size before relaxing)
 .eh_frame      0x000000000011f1e0       0x20 binaries/recvtime.o
                                         0x38 (size before relaxing)
 .eh_frame      0x000000000011f200       0x40 binaries/resched.o
                                         0x58 (size before relaxing)
 .eh_frame      0x000000000011f240       0x20 binaries/resume.o
                                         0x38 (size before relaxing)
 .eh_frame      0x000000000011f260       0x20 binaries/seek.o
                                         0x38 (size before relaxing)
 .eh_frame      0x000000000011f280       0x20 binaries/semcount.o
                                         0x38 (size before relaxing)
 .eh_frame      0x000000000011f2a0       0x40 binaries/semcreate.o
                                         0x58 (size before relaxing)
 .eh_frame      0x000000000011f2e0       0x20 binaries/semdelete.o
                                         0x38 (size before relaxing)
 .eh_frame      0x000000000011f300       0x20 binaries/semreset.o
                                         0x38 (size before relaxing)
 .eh_frame      0x000000000011f320       0x20 binaries/send.o
                                         0x38 (size before relaxing)
 .eh_frame      0x000000000011f340       0x20 binaries/signal.o
                                         0x38 (size before relaxing)
 .eh_frame      0x000000000011f360       0x20 binaries/signaln.o
                                         0x38 (size before relaxing)
 .eh_frame      0x000000000011f380       0x40 binaries/sleep.o
                                         0x58 (size before relaxing)
 .eh_frame      0x000000000011f3c0       0x60 binaries/spinlock.o
                                         0x78 (size before relaxing)
 .eh_frame      0x000000000011f420       0x20 binaries/stacktrace.o
                                         0x38 (size before relaxing)
 .eh_frame      0x000000000011f440       0x20 binaries/suspend.o
                                         0x38 (size before relaxing)
 .eh_frame      0x000000000011f460       0x20 binaries/unsleep.o
                                         0x38 (size before relaxing)
 .eh_frame      0x000000000011f480       0x20 binaries/userret.o
                                         0x38 (size before relaxing)
 .eh_frame      0x000000000011f4a0       0x20 binaries/wait.o
                                         0x38 (size before relaxing)
 .eh_frame      0x000000000011f4c0       0x20 binaries/wakeup.o
                                         0x38 (size before relaxing)
 .eh_frame      0x000000000011f4e0       0x20 binaries/write.o
                                         0x38 (size before relaxing)
 .eh_frame      0x000000000011f500       0x20 binaries/xdone.o
                                         0x38 (size before relaxing)
 .eh_frame      0x000000000011f520       0x20 binaries/yield.o
                                         0x38 (size before relaxing)
 .eh_frame      0x000000000011f540       0x20 binaries/abs.o
                                         0x38 (size before relaxing)
 .eh_frame      0x000000000011f560       0x20 binaries/atoi.o
                                         0x38 (size before relaxing)
 .eh_frame      0x000000000011f580       0x20 binaries/atol.o
                                         0x38 (size before relaxing)
 .eh_frame      0x000000000011f5a0       0x20 binaries/bzero.o
                                         0x38 (size before relaxing)
 .eh_frame      0x000000000011f5c0       0xe0 binaries/doprnt.o
                                         0xf8 (size before relaxing)
 .eh_frame      0x000000000011f6a0       0xb0 binaries/doscan.o
                                         0xc8 (size before relaxing)
 .eh_frame      0x000000000011f750       0xc0 binaries/fdoprnt.o
                                         0xd8 (size before relaxing)
 .eh_frame      0x000000000011f810       0x20 binaries/fgetc.o
                                         0x38 (size before relaxing)
 .eh_frame      0x000000000011f830       0x20 binaries/fgets.o
                                         0x38 (size before relaxing)
 .eh_frame      0x000000000011f850       0x20 binaries/fprintf.o
                                         0x38 (size before relaxing)
 .eh_frame      0x000000000011f870       0x20 binaries/fputc.o
                                         0x38 (size before relaxing)
 .eh_frame      0x000000000011f890       0x20 binaries/fputs.o
                                         0x38 (size before relaxing)
 .eh_frame      0x000000000011f8b0       0x60 binaries/fscanf.o
                                         0x78 (size before relaxing)
 .eh_frame      0x000000000011f910       0x20 binaries/getchar.o
                                         0x38 (size before relaxing)
 .eh_frame      0x000000000011f930       0x20 binaries/labs.o
                                         0x38 (size before relaxing)
 .eh_frame      0x000000000011f950       0x20 binaries/memcmp.o
                                         0x38 (size before relaxing)
 .eh_frame      0x000000000011f970       0x24 binaries/memcpy.o
                                         0x3c (size before relaxing)
 .eh_frame      0x000000000011f994       0x24 binaries/memset.o
                                         0x3c (size before relaxing)
 .eh_frame      0x000000000011f9b8       0x20 binaries/printf.o
                                         0x38 (size before relaxing)
 .eh_frame      0x000000000011f9d8       0x20 binaries/putchar.o
                                         0x38 (size before relaxing)
 .eh_frame      0x000000000011f9f8       0xa8 binaries/qsort.o
                                         0xc0 (size before relaxing)
 .eh_frame      0x000000000011faa0       0x60 binaries/rand.o
                                         0x78 (size before relaxing)
 .eh_frame      0x000000000011fb00       0x40 binaries/sprintf.o
                                         0x58 (size before relaxing)
 .eh_frame      0x000000000011fb40       0x60 binaries/sscanf.o
                                         0x78 (size before relaxing)
 .eh_frame      0x000000000011fba0       0x20 binaries/strchr.o
                                         0x38 (size before relaxing)
 .eh_frame      0x000000000011fbc0       0x20 binaries/strcmp.o
                                         0x38 (size before relaxing)
 .eh_frame      0x000000000011fbe0       0x20 binaries/strcpy.o
                                         0x38 (size before relaxing)
 .eh_frame      0x000000000011fc00       0x20 binaries/strlen.o
                                         0x38 (size before relaxing)
 .eh_frame      0x000000000011fc20       0x20 binaries/strncat.o
                                         0x38 (size before relaxing)
 .eh_frame      0x000000000011fc40       0x20 binaries/strncmp.o
                                         0x38 (size before relaxing)
 .eh_frame      0x000000000011fc60       0x28 binaries/strncpy.o
                                         0x40 (size before relaxing)
 .eh_frame      0x000000000011fc88       0x20 binaries/strnlen.o
                                         0x38 (size before relaxing)
 .eh_frame      0x000000000011fca8       0x20 binaries/strrchr.o
                                         0x38 (size before relaxing)
 .eh_frame      0x000000000011fcc8       0x20 binaries/strstr.o
                                         0x38 (size before relaxing)
 .eh_frame      0x000000000011fce8       0x20 binaries/ttycontrol.o
                                         0x38 (size before relaxing)
 .eh_frame      0x000000000011fd08       0x20 binaries/ttygetc.o
                                         0x38 (size before relaxing)
 .eh_frame      0x000000000011fd28       0x80 binaries/ttyhandle_in.o
                                         0x98 (size before relaxing)
 .eh_frame      0x000000000011fda8       0x20 binaries/ttyhandle_out.o
                                         0x38 (size before relaxing)
 .eh_frame      0x000000000011fdc8       0x20 binaries/ttyhandler.o
                                         0x38 (size before relaxing)
 .eh_frame      0x000000000011fde8       0x20 binaries/ttyinit.o
                                         0x38 (size before relaxing)
 .eh_frame      0x000000000011fe08       0x20 binaries/ttykickout.o
                                         0x38 (size before relaxing)
 .eh_frame      0x000000000011fe28       0x20 binaries/ttyputc.o
                                         0x38 (size before relaxing)
 .eh_frame      0x000000000011fe48       0x24 binaries/ttyread.o
                                         0x3c (size before relaxing)
 .eh_frame      0x000000000011fe6c       0x20 binaries/ttywrite.o
                                         0x38 (size before relaxing)
 .eh_frame      0x000000000011fe8c       0x40 binaries/mount.o
                                         0x58 (size before relaxing)
 .eh_frame      0x000000000011fecc       0x20 binaries/naminit.o
                                         0x38 (size before relaxing)
 .eh_frame      0x000000000011feec       0x60 binaries/nammap.o
                                         0x78 (size before relaxing)
 .eh_frame      0x000000000011ff4c       0x20 binaries/namopen.o
                                         0x38 (size before relaxing)
 .eh_frame      0x000000000011ff6c      0x150 binaries/82545EMInit.o
                                        0x168 (size before relaxing)
 .eh_frame      0x00000000001200bc       0xa0 binaries/ethcontrol.o
                                         0xb8 (size before relaxing)
 .eh_frame      0x000000000012015c       0x80 binaries/ethhandler.o
                                         0x98 (size before relaxing)
 .eh_frame      0x00000000001201dc       0x20 binaries/ethinit.o
                                         0x38 (size before relaxing)
 .eh_frame      0x00000000001201fc       0x60 binaries/ethread.o
                                         0x78 (size before relaxing)
 .eh_frame      0x000000000012025c       0x60 binaries/ethwrite.o
                                         0x78 (size before relaxing)
 .eh_frame      0x00000000001202bc       0x20 binaries/rdsbufalloc.o
                                         0x38 (size before relaxing)
 .eh_frame      0x00000000001202dc       0x20 binaries/rdsclose.o
                                         0x38 (size before relaxing)
 .eh_frame      0x00000000001202fc       0x20 binaries/rdscomm.o
                                         0x38 (size before relaxing)
 .eh_frame      0x000000000012031c       0x20 binaries/rdscontrol.o
                                         0x38 (size before relaxing)
 .eh_frame      0x000000000012033c       0x20 binaries/rdsinit.o
                                         0x38 (size before relaxing)
 .eh_frame      0x000000000012035c       0x20 binaries/rdsopen.o
                                         0x38 (size before relaxing)
 .eh_frame      0x000000000012037c       0x1c binaries/rdsprocess.o
                                         0x34 (size before relaxing)
 .eh_frame      0x0000000000120398       0x20 binaries/rdsread.o
                                         0x38 (size before relaxing)
 .eh_frame      0x00000000001203b8       0x20 binaries/rdswrite.o
                                         0x38 (size before relaxing)
 .eh_frame      0x00000000001203d8       0x20 binaries/ramclose.o
                                         0x38 (size before relaxing)
 .eh_frame      0x00000000001203f8       0x20 binaries/raminit.o
                                         0x38 (size before relaxing)
 .eh_frame      0x0000000000120418       0x20 binaries/ramopen.o
                                         0x38 (size before relaxing)
 .eh_frame      0x0000000000120438       0x20 binaries/ramread.o
                                         0x38 (size before relaxing)
 .eh_frame      0x0000000000120458       0x20 binaries/ramwrite.o
                                         0x38 (size before relaxing)
 .eh_frame      0x0000000000120478       0x20 binaries/lfdballoc.o
                                         0x38 (size before relaxing)
 .eh_frame      0x0000000000120498       0x20 binaries/lfdbfree.o
                                         0x38 (size before relaxing)
 .eh_frame      0x00000000001204b8       0x20 binaries/lfflush.o
                                         0x38 (size before relaxing)
 .eh_frame      0x00000000001204d8       0x20 binaries/lfgetmode.o
                                         0x38 (size before relaxing)
 .eh_frame      0x00000000001204f8       0x20 binaries/lfiballoc.o
                                         0x38 (size before relaxing)
 .eh_frame      0x0000000000120518       0x20 binaries/lfibclear.o
                                         0x38 (size before relaxing)
 .eh_frame      0x0000000000120538       0x20 binaries/lfibget.o
                                         0x38 (size before relaxing)
 .eh_frame      0x0000000000120558       0x20 binaries/lfibput.o
                                         0x38 (size before relaxing)
 .eh_frame      0x0000000000120578       0x20 binaries/lflclose.o
                                         0x38 (size before relaxing)
 .eh_frame      0x0000000000120598       0x20 binaries/lflcontrol.o
                                         0x38 (size before relaxing)
 .eh_frame      0x00000000001205b8       0x20 binaries/lflgetc.o
                                         0x38 (size before relaxing)
 .eh_frame      0x00000000001205d8       0x20 binaries/lflinit.o
                                         0x38 (size before relaxing)
 .eh_frame      0x00000000001205f8       0x20 binaries/lflputc.o
                                         0x38 (size before relaxing)
 .eh_frame      0x0000000000120618       0x20 binaries/lflread.o
                                         0x38 (size before relaxing)
 .eh_frame      0x0000000000120638       0x20 binaries/lflseek.o
                                         0x38 (size before relaxing)
 .eh_frame      0x0000000000120658       0x20 binaries/lflwrite.o
                                         0x38 (size before relaxing)
 .eh_frame      0x0000000000120678       0x20 binaries/lfscheck.o
                                         0x38 (size before relaxing)
 .eh_frame      0x0000000000120698       0x20 binaries/lfsckfmt.o
                                         0x38 (size before relaxing)
 .eh_frame      0x00000000001206b8       0x20 binaries/lfscreate.o
                                         0x38 (size before relaxing)
 .eh_frame      0x00000000001206d8       0x20 binaries/lfsetup.o
                                         0x38 (size before relaxing)
 .eh_frame      0x00000000001206f8       0x20 binaries/lfsinit.o
                                         0x38 (size before relaxing)
 .eh_frame      0x0000000000120718       0x20 binaries/lfsopen.o
                                         0x38 (size before relaxing)
 .eh_frame      0x0000000000120738       0x20 binaries/lftruncate.o
                                         0x38 (size before relaxing)
 .eh_frame      0x0000000000120758       0x20 binaries/rflclose.o
                                         0x38 (size before relaxing)
 .eh_frame      0x0000000000120778       0x20 binaries/rflgetc.o
                                         0x38 (size before relaxing)
 .eh_frame      0x0000000000120798       0x20 binaries/rflinit.o
                                         0x38 (size before relaxing)
 .eh_frame      0x00000000001207b8       0x20 binaries/rflputc.o
                                         0x38 (size before relaxing)
 .eh_frame      0x00000000001207d8       0x20 binaries/rflread.o
                                         0x38 (size before relaxing)
 .eh_frame      0x00000000001207f8       0x20 binaries/rflseek.o
                                         0x38 (size before relaxing)
 .eh_frame      0x0000000000120818       0x20 binaries/rflwrite.o
                                         0x38 (size before relaxing)
 .eh_frame      0x0000000000120838       0x20 binaries/rfscomm.o
                                         0x38 (size before relaxing)
 .eh_frame      0x0000000000120858       0x20 binaries/rfscontrol.o
                                         0x38 (size before relaxing)
 .eh_frame      0x0000000000120878       0x20 binaries/rfsgetmode.o
                                         0x38 (size before relaxing)
 .eh_frame      0x0000000000120898       0x20 binaries/rfsinit.o
                                         0x38 (size before relaxing)
 .eh_frame      0x00000000001208b8       0x20 binaries/rfsndmsg.o
                                         0x38 (size before relaxing)
 .eh_frame      0x00000000001208d8       0x20 binaries/rfsopen.o
                                         0x38 (size before relaxing)
 .eh_frame      0x00000000001208f8       0xc0 binaries/arp.o
                                         0xd8 (size before relaxing)
 .eh_frame      0x00000000001209b8       0xa0 binaries/dhcp.o
                                         0xb8 (size before relaxing)
 .eh_frame      0x0000000000120a58       0x80 binaries/dns.o
                                         0x98 (size before relaxing)
 .eh_frame      0x0000000000120ad8       0x20 binaries/dot2ip.o
                                         0x38 (size before relaxing)
 .eh_frame      0x0000000000120af8       0x40 binaries/hexdump.o
                                         0x58 (size before relaxing)
 .eh_frame      0x0000000000120b38      0x14c binaries/icmp.o
                                        0x164 (size before relaxing)
 .eh_frame      0x0000000000120c84      0x11c binaries/ip.o
                                        0x134 (size before relaxing)
 .eh_frame      0x0000000000120da0       0xa0 binaries/net.o
                                         0xb8 (size before relaxing)
 .eh_frame      0x0000000000120e40       0x60 binaries/pdump.o
                                         0x78 (size before relaxing)
 .eh_frame      0x0000000000120ea0       0x60 binaries/tftp.o
                                         0x78 (size before relaxing)
 .eh_frame      0x0000000000120f00      0x140 binaries/udp.o
                                        0x158 (size before relaxing)
 .eh_frame      0x0000000000121040       0x20 binaries/addargs.o
                                         0x38 (size before relaxing)
 .eh_frame      0x0000000000121060       0x20 binaries/lexan.o
                                         0x38 (size before relaxing)
 .eh_frame      0x0000000000121080       0x20 binaries/shell.o
[...]
 .comment       0x000000000000001d       0x1e binaries/addargs.o
 .comment       0x000000000000001d       0x1e binaries/lexan.o
 .comment       0x000000000000001d       0x1e binaries/shell.o
 .comment       0x000000000000001d       0x1e binaries/xsh_argecho.o
 .comment       0x000000000000001d       0x1e binaries/xsh_arp.o
 .comment       0x000000000000001d       0x1e binaries/xsh_cat.o
 .comment       0x000000000000001d       0x1e binaries/xsh_clear.o
 .comment       0x000000000000001d       0x1e binaries/xsh_date.o
 .comment       0x000000000000001d       0x1e binaries/xsh_devdump.o
 .comment       0x000000000000001d       0x1e binaries/xsh_echo.o
 .comment       0x000000000000001d       0x1e binaries/xsh_exit.o
 .comment       0x000000000000001d       0x1e binaries/xsh_help.o
 .comment       0x000000000000001d       0x1e binaries/xsh_kill.o
 .comment       0x000000000000001d       0x1e binaries/xsh_memdump.o
 .comment       0x000000000000001d       0x1e binaries/xsh_memstat.o
 .comment       0x000000000000001d       0x1e binaries/xsh_netinfo.o
 .comment       0x000000000000001d       0x1e binaries/xsh_ping.o
 .comment       0x000000000000001d       0x1e binaries/xsh_ps.o
 .comment       0x000000000000001d       0x1e binaries/xsh_sleep.o
 .comment       0x000000000000001d       0x1e binaries/xsh_udpdump.o
 .comment       0x000000000000001d       0x1e binaries/xsh_udpecho.o
 .comment       0x000000000000001d       0x1e binaries/xsh_udpserver.o
 .comment       0x000000000000001d       0x1e binaries/xsh_uptime.o

.note.GNU-stack
                0x0000000000000000        0x0
 .note.GNU-stack
                0x0000000000000000        0x0 binaries/active_lock.o
 .note.GNU-stack
                0x0000000000000000        0x0 binaries/ascdate.o
 .note.GNU-stack
                0x0000000000000000        0x0 binaries/bufinit.o
 .note.GNU-stack
                0x0000000000000000        0x0 binaries/chprio.o
 .note.GNU-stack
                0x0000000000000000        0x0 binaries/clkhandler.o
 .note.GNU-stack
                0x0000000000000000        0x0 binaries/clkinit.o
 .note.GNU-stack
                0x0000000000000000        0x0 binaries/close.o
 .note.GNU-stack
                0x0000000000000000        0x0 binaries/conf.o
 .note.GNU-stack
                0x0000000000000000        0x0 binaries/control.o
 .note.GNU-stack
                0x0000000000000000        0x0 binaries/create.o
 .note.GNU-stack
                0x0000000000000000        0x0 binaries/evec.o
 .note.GNU-stack
                0x0000000000000000        0x0 binaries/exit.o
 .note.GNU-stack
                0x0000000000000000        0x0 binaries/freebuf.o
 .note.GNU-stack
                0x0000000000000000        0x0 binaries/freemem.o
 .note.GNU-stack
                0x0000000000000000        0x0 binaries/getbuf.o
 .note.GNU-stack
                0x0000000000000000        0x0 binaries/getc.o
 .note.GNU-stack
                0x0000000000000000        0x0 binaries/getdev.o
 .note.GNU-stack
                0x0000000000000000        0x0 binaries/getitem.o
 .note.GNU-stack
                0x0000000000000000        0x0 binaries/getmem.o
 .note.GNU-stack
                0x0000000000000000        0x0 binaries/getpid.o
 .note.GNU-stack
                0x0000000000000000        0x0 binaries/getprio.o
 .note.GNU-stack
                0x0000000000000000        0x0 binaries/getstk.o
 .note.GNU-stack
                0x0000000000000000        0x0 binaries/getticks.o
 .note.GNU-stack
                0x0000000000000000        0x0 binaries/gettime.o
 .note.GNU-stack
                0x0000000000000000        0x0 binaries/getutime.o
 .note.GNU-stack
                0x0000000000000000        0x0 binaries/i386.o
 .note.GNU-stack
                0x0000000000000000        0x0 binaries/init.o
 .note.GNU-stack
                0x0000000000000000        0x0 binaries/initialize.o
 .note.GNU-stack
                0x0000000000000000        0x0 binaries/insert.o
 .note.GNU-stack
                0x0000000000000000        0x0 binaries/insertd.o
 .note.GNU-stack
                0x0000000000000000        0x0 binaries/ioerr.o
 .note.GNU-stack
                0x0000000000000000        0x0 binaries/ionull.o
 .note.GNU-stack
                0x0000000000000000        0x0 binaries/kill.o
 .note.GNU-stack
                0x0000000000000000        0x0 binaries/kprintf.o
 .note.GNU-stack
                0x0000000000000000        0x0 binaries/lock.o
 .note.GNU-stack
                0x0000000000000000        0x0 binaries/main-basic.o
 .note.GNU-stack
                0x0000000000000000        0x0 binaries/main.o
 .note.GNU-stack
                0x0000000000000000        0x0 binaries/main-deadlock.o
 .note.GNU-stack
                0x0000000000000000        0x0 binaries/main-perf.o
 .note.GNU-stack
                0x0000000000000000        0x0 binaries/main-pi.o
 .note.GNU-stack
                0x0000000000000000        0x0 binaries/mark.o
 .note.GNU-stack
                0x0000000000000000        0x0 binaries/meminit.o
 .note.GNU-stack
                0x0000000000000000        0x0 binaries/mkbufpool.o
 .note.GNU-stack
                0x0000000000000000        0x0 binaries/newqueue.o
 .note.GNU-stack
                0x0000000000000000        0x0 binaries/open.o
 .note.GNU-stack
                0x0000000000000000        0x0 binaries/panic.o
 .note.GNU-stack
                0x0000000000000000        0x0 binaries/pci.o
 .note.GNU-stack
                0x0000000000000000        0x0 binaries/pi_lock.o
 .note.GNU-stack
                0x0000000000000000        0x0 binaries/ptclear.o
 .note.GNU-stack
                0x0000000000000000        0x0 binaries/ptcount.o
 .note.GNU-stack
                0x0000000000000000        0x0 binaries/ptcreate.o
 .note.GNU-stack
                0x0000000000000000        0x0 binaries/ptdelete.o
 .note.GNU-stack
                0x0000000000000000        0x0 binaries/ptinit.o
 .note.GNU-stack
                0x0000000000000000        0x0 binaries/ptrecv.o
 .note.GNU-stack
                0x0000000000000000        0x0 binaries/ptreset.o
 .note.GNU-stack
                0x0000000000000000        0x0 binaries/ptsend.o
 .note.GNU-stack
                0x0000000000000000        0x0 binaries/putc.o
 .note.GNU-stack
                0x0000000000000000        0x0 binaries/queue.o
 .note.GNU-stack
                0x0000000000000000        0x0 binaries/read.o
 .note.GNU-stack
                0x0000000000000000        0x0 binaries/ready.o
 .note.GNU-stack
                0x0000000000000000        0x0 binaries/receive.o
 .note.GNU-stack
                0x0000000000000000        0x0 binaries/recvclr.o
 .note.GNU-stack
                0x0000000000000000        0x0 binaries/recvtime.o
 .note.GNU-stack
                0x0000000000000000        0x0 binaries/resched.o
 .note.GNU-stack
                0x0000000000000000        0x0 binaries/resume.o
 .note.GNU-stack
                0x0000000000000000        0x0 binaries/seek.o
 .note.GNU-stack
                0x0000000000000000        0x0 binaries/semcount.o
 .note.GNU-stack
                0x0000000000000000        0x0 binaries/semcreate.o
 .note.GNU-stack
                0x0000000000000000        0x0 binaries/semdelete.o
 .note.GNU-stack
                0x0000000000000000        0x0 binaries/semreset.o
 .note.GNU-stack
                0x0000000000000000        0x0 binaries/send.o
 .note.GNU-stack
                0x0000000000000000        0x0 binaries/signal.o
 .note.GNU-stack
                0x0000000000000000        0x0 binaries/signaln.o
 .note.GNU-stack
                0x0000000000000000        0x0 binaries/sleep.o
 .note.GNU-stack
                0x0000000000000000        0x0 binaries/spinlock.o
 .note.GNU-stack
                0x0000000000000000        0x0 binaries/stacktrace.o
 .note.GNU-stack
                0x0000000000000000        0x0 binaries/suspend.o
 .note.GNU-stack
                0x0000000000000000        0x0 binaries/unsleep.o
 .note.GNU-stack
                0x0000000000000000        0x0 binaries/userret.o
 .note.GNU-stack
                0x0000000000000000        0x0 binaries/wait.o
 .note.GNU-stack
                0x0000000000000000        0x0 binaries/wakeup.o
 .note.GNU-stack
                0x0000000000000000        0x0 binaries/write.o
 .note.GNU-stack
                0x0000000000000000        0x0 binaries/xdone.o
 .note.GNU-stack
                0x0000000000000000        0x0 binaries/yield.o
 .note.GNU-stack
                0x0000000000000000        0x0 binaries/abs.o
 .note.GNU-stack
                0x0000000000000000        0x0 binaries/atoi.o
 .note.GNU-stack
                0x0000000000000000        0x0 binaries/atol.o
 .note.GNU-stack
                0x0000000000000000        0x0 binaries/bzero.o
 .note.GNU-stack
                0x0000000000000000        0x0 binaries/ctype_.o
 .note.GNU-stack
                0x0000000000000000        0x0 binaries/doprnt.o
 .note.GNU-stack
                0x0000000000000000        0x0 binaries/doscan.o
 .note.GNU-stack
                0x0000000000000000        0x0 binaries/fdoprnt.o
 .note.GNU-stack
                0x0000000000000000        0x0 binaries/fgetc.o
 .note.GNU-stack
                0x0000000000000000        0x0 binaries/fgets.o
 .note.GNU-stack
                0x0000000000000000        0x0 binaries/fprintf.o
 .note.GNU-stack
                0x0000000000000000        0x0 binaries/fputc.o
 .note.GNU-stack
                0x0000000000000000        0x0 binaries/fputs.o
 .note.GNU-stack
                0x0000000000000000        0x0 binaries/fscanf.o
 .note.GNU-stack
                0x0000000000000000        0x0 binaries/getchar.o
 .note.GNU-stack
                0x0000000000000000        0x0 binaries/labs.o
 .note.GNU-stack
                0x0000000000000000        0x0 binaries/memchr.o
 .note.GNU-stack
                0x0000000000000000        0x0 binaries/memcmp.o
 .note.GNU-stack
                0x0000000000000000        0x0 binaries/memcpy.o
 .note.GNU-stack
                0x0000000000000000        0x0 binaries/memset.o
 .note.GNU-stack
                0x0000000000000000        0x0 binaries/printf.o
 .note.GNU-stack
                0x0000000000000000        0x0 binaries/putchar.o
 .note.GNU-stack
                0x0000000000000000        0x0 binaries/qsort.o
 .note.GNU-stack
                0x0000000000000000        0x0 binaries/rand.o
 .note.GNU-stack
                0x0000000000000000        0x0 binaries/sprintf.o
 .note.GNU-stack
                0x0000000000000000        0x0 binaries/sscanf.o
 .note.GNU-stack
                0x0000000000000000        0x0 binaries/strchr.o
 .note.GNU-stack
                0x0000000000000000        0x0 binaries/strcmp.o
 .note.GNU-stack
                0x0000000000000000        0x0 binaries/strcpy.o
 .note.GNU-stack
                0x0000000000000000        0x0 binaries/strlen.o
 .note.GNU-stack
                0x0000000000000000        0x0 binaries/strncat.o
 .note.GNU-stack
                0x0000000000000000        0x0 binaries/strncmp.o
 .note.GNU-stack
                0x0000000000000000        0x0 binaries/strncpy.o
 .note.GNU-stack
                0x0000000000000000        0x0 binaries/strnlen.o
 .note.GNU-stack
                0x0000000000000000        0x0 binaries/strrchr.o
 .note.GNU-stack
                0x0000000000000000        0x0 binaries/strstr.o
 .note.GNU-stack
                0x0000000000000000        0x0 binaries/ttycontrol.o
 .note.GNU-stack
                0x0000000000000000        0x0 binaries/ttygetc.o
 .note.GNU-stack
                0x0000000000000000        0x0 binaries/ttyhandle_in.o
 .note.GNU-stack
                0x0000000000000000        0x0 binaries/ttyhandle_out.o
 .note.GNU-stack
                0x0000000000000000        0x0 binaries/ttyhandler.o
 .note.GNU-stack
                0x0000000000000000        0x0 binaries/ttyinit.o
 .note.GNU-stack
                0x0000000000000000        0x0 binaries/ttykickout.o
 .note.GNU-stack
                0x0000000000000000        0x0 binaries/ttyputc.o
 .note.GNU-stack
                0x0000000000000000        0x0 binaries/ttyread.o
 .note.GNU-stack
                0x0000000000000000        0x0 binaries/ttywrite.o
 .note.GNU-stack
                0x0000000000000000        0x0 binaries/mount.o
 .note.GNU-stack
                0x0000000000000000        0x0 binaries/naminit.o
 .note.GNU-stack
                0x0000000000000000        0x0 binaries/nammap.o
 .note.GNU-stack
                0x0000000000000000        0x0 binaries/namopen.o
 .note.GNU-stack
                0x0000000000000000        0x0 binaries/82545EMInit.o
 .note.GNU-stack
                0x0000000000000000        0x0 binaries/ethcontrol.o
 .note.GNU-stack
                0x0000000000000000        0x0 binaries/ethhandler.o
 .note.GNU-stack
                0x0000000000000000        0x0 binaries/ethinit.o
 .note.GNU-stack
                0x0000000000000000        0x0 binaries/ethread.o
 .note.GNU-stack
                0x0000000000000000        0x0 binaries/ethwrite.o
 .note.GNU-stack
                0x0000000000000000        0x0 binaries/rdsbufalloc.o
 .note.GNU-stack
                0x0000000000000000        0x0 binaries/rdsclose.o
 .note.GNU-stack
                0x0000000000000000        0x0 binaries/rdscomm.o
 .note.GNU-stack
                0x0000000000000000        0x0 binaries/rdscontrol.o
 .note.GNU-stack
                0x0000000000000000        0x0 binaries/rdsinit.o
 .note.GNU-stack
                0x0000000000000000        0x0 binaries/rdsopen.o
 .note.GNU-stack
                0x0000000000000000        0x0 binaries/rdsprocess.o
 .note.GNU-stack
                0x0000000000000000        0x0 binaries/rdsread.o
 .note.GNU-stack
                0x0000000000000000        0x0 binaries/rdswrite.o
 .note.GNU-stack
                0x0000000000000000        0x0 binaries/ramclose.o
 .note.GNU-stack
                0x0000000000000000        0x0 binaries/raminit.o
 .note.GNU-stack
                0x0000000000000000        0x0 binaries/ramopen.o
 .note.GNU-stack
                0x0000000000000000        0x0 binaries/ramread.o
 .note.GNU-stack
                0x0000000000000000        0x0 binaries/ramwrite.o
 .note.GNU-stack
                0x0000000000000000        0x0 binaries/lfdballoc.o
 .note.GNU-stack
                0x0000000000000000        0x0 binaries/lfdbfree.o
 .note.GNU-stack
                0x0000000000000000        0x0 binaries/lfflush.o
 .note.GNU-stack
                0x0000000000000000        0x0 binaries/lfgetmode.o
 .note.GNU-stack
                0x0000000000000000        0x0 binaries/lfiballoc.o
 .note.GNU-stack
                0x0000000000000000        0x0 binaries/lfibclear.o
 .note.GNU-stack
                0x0000000000000000        0x0 binaries/lfibget.o
 .note.GNU-stack
                0x0000000000000000        0x0 binaries/lfibput.o
 .note.GNU-stack
                0x0000000000000000        0x0 binaries/lflclose.o
 .note.GNU-stack
                0x0000000000000000        0x0 binaries/lflcontrol.o
 .note.GNU-stack
                0x0000000000000000        0x0 binaries/lflgetc.o
 .note.GNU-stack
                0x0000000000000000        0x0 binaries/lflinit.o
 .note.GNU-stack
                0x0000000000000000        0x0 binaries/lflputc.o
 .note.GNU-stack
                0x0000000000000000        0x0 binaries/lflread.o
 .note.GNU-stack
                0x0000000000000000        0x0 binaries/lflseek.o
 .note.GNU-stack
                0x0000000000000000        0x0 binaries/lflwrite.o
 .note.GNU-stack
                0x0000000000000000        0x0 binaries/lfscheck.o
 .note.GNU-stack
                0x0000000000000000        0x0 binaries/lfsckfmt.o
 .note.GNU-stack
                0x0000000000000000        0x0 binaries/lfscreate.o
 .note.GNU-stack
                0x0000000000000000        0x0 binaries/lfsetup.o
 .note.GNU-stack
                0x0000000000000000        0x0 binaries/lfsinit.o
 .note.GNU-stack
                0x0000000000000000        0x0 binaries/lfsopen.o
 .note.GNU-stack
                0x0000000000000000        0x0 binaries/lftruncate.o
 .note.GNU-stack
                0x0000000000000000        0x0 binaries/rflclose.o
 .note.GNU-stack
                0x0000000000000000        0x0 binaries/rflgetc.o
 .note.GNU-stack
                0x0000000000000000        0x0 binaries/rflinit.o
 .note.GNU-stack
                0x0000000000000000        0x0 binaries/rflputc.o
 .note.GNU-stack
                0x0000000000000000        0x0 binaries/rflread.o
 .note.GNU-stack
                0x0000000000000000        0x0 binaries/rflseek.o
 .note.GNU-stack
                0x0000000000000000        0x0 binaries/rflwrite.o
 .note.GNU-stack
                0x0000000000000000        0x0 binaries/rfscomm.o
 .note.GNU-stack
                0x0000000000000000        0x0 binaries/rfscontrol.o
 .note.GNU-stack
                0x0000000000000000        0x0 binaries/rfsgetmode.o
 .note.GNU-stack
                0x0000000000000000        0x0 binaries/rfsinit.o
 .note.GNU-stack
                0x0000000000000000        0x0 binaries/rfsndmsg.o
 .note.GNU-stack
                0x0000000000000000        0x0 binaries/rfsopen.o
 .note.GNU-stack
                0x0000000000000000        0x0 binaries/arp.o
 .note.GNU-stack
                0x0000000000000000        0x0 binaries/dhcp.o
 .note.GNU-stack
                0x0000000000000000        0x0 binaries/dns.o
 .note.GNU-stack
                0x0000000000000000        0x0 binaries/dot2ip.o
 .note.GNU-stack
                0x0000000000000000        0x0 binaries/hexdump.o
 .note.GNU-stack
                0x0000000000000000        0x0 binaries/icmp.o
 .note.GNU-stack
                0x0000000000000000        0x0 binaries/ip.o
 .note.GNU-stack
                0x0000000000000000        0x0 binaries/net.o
 .note.GNU-stack
                0x0000000000000000        0x0 binaries/pdump.o
 .note.GNU-stack
                0x0000000000000000        0x0 binaries/tftp.o
 .note.GNU-stack
                0x0000000000000000        0x0 binaries/udp.o
 .note.GNU-stack
                0x0000000000000000        0x0 binaries/addargs.o
 .note.GNU-stack
                0x0000000000000000        0x0 binaries/lexan.o
 .note.GNU-stack
                0x0000000000000000        0x0 binaries/shell.o
 .note.GNU-stack
                0x0000000000000000        0x0 binaries/xsh_argecho.o
 .note.GNU-stack
                0x0000000000000000        0x0 binaries/xsh_arp.o
 .note.GNU-stack
                0x0000000000000000        0x0 binaries/xsh_cat.o
 .note.GNU-stack
                0x0000000000000000        0x0 binaries/xsh_clear.o
 .note.GNU-stack
                0x0000000000000000        0x0 binaries/xsh_date.o
 .note.GNU-stack
                0x0000000000000000        0x0 binaries/xsh_devdump.o
 .note.GNU-stack
                0x0000000000000000        0x0 binaries/xsh_echo.o
 .note.GNU-stack
                0x0000000000000000        0x0 binaries/xsh_exit.o
 .note.GNU-stack
                0x0000000000000000        0x0 binaries/xsh_help.o
 .note.GNU-stack
                0x0000000000000000        0x0 binaries/xsh_kill.o
 .note.GNU-stack
                0x0000000000000000        0x0 binaries/xsh_memdump.o
 .note.GNU-stack
                0x0000000000000000        0x0 binaries/xsh_memstat.o
 .note.GNU-stack
                0x0000000000000000        0x0 binaries/xsh_netinfo.o
 .note.GNU-stack
                0x0000000000000000        0x0 binaries/xsh_ping.o
 .note.GNU-stack
                0x0000000000000000        0x0 binaries/xsh_ps.o
 .note.GNU-stack
                0x0000000000000000        0x0 binaries/xsh_sleep.o
 .note.GNU-stack
                0x0000000000000000        0x0 binaries/xsh_udpdump.o
 .note.GNU-stack
                0x0000000000000000        0x0 binaries/xsh_udpecho.o
 .note.GNU-stack
                0x0000000000000000        0x0 binaries/xsh_udpserver.o
 .note.GNU-stack
                0x0000000000000000        0x0 binaries/xsh_uptime.o
